cargo :    Compiling banking-es v0.1.0 (C:\Users\Yenimedya\integrations\bank
ing-es-feature-redis-integration)
At line:1 char:1
+ cargo build > build_output.txt 2>&1
+ ~~~~~~~~~~~~~~~~~~~~~~~~~~~~~~~~~~~
    + CategoryInfo          : NotSpecified: (   Compiling ba...is-integrati 
   on):String) [], RemoteException
    + FullyQualifiedErrorId : NativeCommandError
 
error: error returned from database: relation "users" does not exist
  --> src\infrastructure\user_repository.rs:59:20
   |
59 |           let user = sqlx::query_as!(
   |  ____________________^
60 | |             User,
61 | |             r#"
62 | |             INSERT INTO users (id, username, email, password_hash, ro
les)
...  |
73 | |             &new_user.roles // Pass as slice for TEXT[]
74 | |         )
   | |_________^
   |
   = note: this error originates in the macro `$crate::sqlx_macros::expand_q
uery` which comes from the expansion of the macro `sqlx::query_as` (in Night
ly builds, run with -Z macro-backtrace for more info)

error: error returned from database: relation "users" does not exist
   --> src\infrastructure\user_repository.rs:108:9
    |
108 | /         sqlx::query_as!(
109 | |             User,
110 | |             r#"
111 | |             SELECT
...   |
118 | |             username
119 | |         )
    | |_________^
    |
    = note: this error originates in the macro `$crate::sqlx_macros::expand_
query` which comes from the expansion of the macro `sqlx::query_as` (in Nigh
tly builds, run with -Z macro-backtrace for more info)

error: error returned from database: relation "users" does not exist
   --> src\infrastructure\user_repository.rs:126:9
    |
126 | /         sqlx::query_as!(
127 | |             User,
128 | |             r#"
129 | |             SELECT
...   |
136 | |             user_id
137 | |         )
    | |_________^
    |
    = note: this error originates in the macro `$crate::sqlx_macros::expand_
query` which comes from the expansion of the macro `sqlx::query_as` (in Nigh
tly builds, run with -Z macro-backtrace for more info)

error: error returned from database: relation "users" does not exist
   --> src\infrastructure\user_repository.rs:150:22
    |
150 |           let result = sqlx::query!(
    |  ______________________^
151 | |             r#"
152 | |             UPDATE users
153 | |             SET
...   |
162 | |             user_id
163 | |         )
    | |_________^
    |
    = note: this error originates in the macro `$crate::sqlx_macros::expand_
query` which comes from the expansion of the macro `sqlx::query` (in Nightly
 builds, run with -Z macro-backtrace for more info)

error: error returned from database: relation "users" does not exist
   --> src\infrastructure\user_repository.rs:179:22
    |
179 |           let result = sqlx::query!(
    |  ______________________^
180 | |             r#"
181 | |             UPDATE users
182 | |             SET password_hash = $1
...   |
186 | |             user_id
187 | |         )
    | |_________^
    |
    = note: this error originates in the macro `$crate::sqlx_macros::expand_
query` which comes from the expansion of the macro `sqlx::query` (in Nightly
 builds, run with -Z macro-backtrace for more info)

error: error returned from database: relation "users" does not exist
   --> src\infrastructure\user_repository.rs:203:22
    |
203 |           let result = sqlx::query!(
    |  ______________________^
204 | |             r#"
205 | |             UPDATE users
206 | |             SET is_active = $1
...   |
210 | |             user_id
211 | |         )
    | |_________^
    |
    = note: this error originates in the macro `$crate::sqlx_macros::expand_
query` which comes from the expansion of the macro `sqlx::query` (in Nightly
 builds, run with -Z macro-backtrace for more info)

error: error returned from database: relation "users" does not exist
   --> src\infrastructure\user_repository.rs:226:22
    |
226 |           let record = sqlx::query!(
    |  ______________________^
227 | |             r#"
228 | |             UPDATE users
229 | |             SET failed_login_attempts = failed_login_attempts + 1
...   |
233 | |             user_id
234 | |         )
    | |_________^
    |
    = note: this error originates in the macro `$crate::sqlx_macros::expand_
query` which comes from the expansion of the macro `sqlx::query` (in Nightly
 builds, run with -Z macro-backtrace for more info)

error: error returned from database: relation "users" does not exist
   --> src\infrastructure\user_repository.rs:251:22
    |
251 |           let result = sqlx::query!(
    |  ______________________^
252 | |             r#"
253 | |             UPDATE users
254 | |             SET
...   |
261 | |             user_id
262 | |         )
    | |_________^
    |
    = note: this error originates in the macro `$crate::sqlx_macros::expand_
query` which comes from the expansion of the macro `sqlx::query` (in Nightly
 builds, run with -Z macro-backtrace for more info)

error: error returned from database: relation "users" does not exist
   --> src\infrastructure\user_repository.rs:274:22
    |
274 |         let result = sqlx::query!("DELETE FROM users WHERE id = $1", u
ser_id)
    |                      ^^^^^^^^^^^^^^^^^^^^^^^^^^^^^^^^^^^^^^^^^^^^^^^^^
^^^^^^^
    |
    = note: this error originates in the macro `$crate::sqlx_macros::expand_
query` which comes from the expansion of the macro `sqlx::query` (in Nightly
 builds, run with -Z macro-backtrace for more info)

warning: unused import: `crate::application::services::AccountService`
 --> src\application\handlers.rs:1:5
  |
1 | use crate::application::services::AccountService;
  |     ^^^^^^^^^^^^^^^^^^^^^^^^^^^^^^^^^^^^^^^^^^^^
  |
  = note: `#[warn(unused_imports)]` on by default

warning: unused imports: `AccountProjection` and `TransactionProjection`
 --> src\application\handlers.rs:3:42
  |
3 | use crate::infrastructure::projections::{AccountProjection, TransactionP
rojection};
  |                                          ^^^^^^^^^^^^^^^^^  ^^^^^^^^^^^^
^^^^^^^^^

warning: unused imports: `Json`, `Path`, `State`, `http::StatusCode`, and `r
esponse::IntoResponse`
  --> src\application\handlers.rs:7:15
   |
7  |     extract::{Path, State},
   |               ^^^^  ^^^^^
8  |     http::StatusCode,
   |     ^^^^^^^^^^^^^^^^
9  |     response::IntoResponse,
   |     ^^^^^^^^^^^^^^^^^^^^^^
10 |     Json,
   |     ^^^^

warning: unused imports: `Deserialize` and `Serialize`
  --> src\application\handlers.rs:13:13
   |
13 | use serde::{Deserialize, Serialize};
   |             ^^^^^^^^^^^  ^^^^^^^^^

warning: unused imports: `EventStoreConfig` and `EventStore`
  --> src\application\services.rs:10:48
   |
10 | use crate::infrastructure::{AccountRepository, EventStore, EventStoreCo
nfig, ProjectionStore};
   |                                                ^^^^^^^^^^  ^^^^^^^^^^^^
^^^^

warning: unused import: `async_trait::async_trait`
  --> src\application\services.rs:12:5
   |
12 | use async_trait::async_trait;
   |     ^^^^^^^^^^^^^^^^^^^^^^^^

warning: unused import: `thiserror::Error`
 --> src\domain\account.rs:4:5
  |
4 | use thiserror::Error;
  |     ^^^^^^^^^^^^^^^^

warning: use of deprecated macro `ToString`: please use `#[derive(Display)]`
 instead. See issue https://github.com/Peternator7/strum/issues/132
   --> src\infrastructure\auth.rs:102:65
    |
102 | #[derive(Debug, Serialize, Deserialize, PartialEq, Clone, Copy, ToStri
ng, EnumString)]
    |                                                                 ^^^^^^
^^
    |
    = note: `#[warn(deprecated)]` on by default

warning: use of deprecated macro `ToString`: please use `#[derive(Display)]`
 instead. See issue https://github.com/Peternator7/strum/issues/132
   --> src\infrastructure\auth.rs:109:75
    |
109 | #[derive(Debug, Serialize, Deserialize, Clone, Copy, PartialEq, Eq, Ha
sh, ToString, EnumString)]
    |                                                                       
    ^^^^^^^^

warning: unused imports: `Router`, `get`, and `post`
  --> src\infrastructure\auth.rs:8:28
   |
8  |     Json, RequestPartsExt, Router,
   |                            ^^^^^^
...
12 |     routing::{get, post},
   |               ^^^  ^^^^

warning: unused import: `DateTime`
  --> src\infrastructure\auth.rs:18:14
   |
18 | use chrono::{DateTime, Duration as ChronoDuration, Utc}; // use jsonweb
token::{decode, encode, Algorithm, DecodingKey, EncodingKey, Heade...
   |              ^^^^^^^^

warning: unused import: `serde_json::json`
  --> src\infrastructure\auth.rs:22:5
   |
22 | use serde_json::json;
   |     ^^^^^^^^^^^^^^^^

warning: unused import: `std::fmt::Display`
  --> src\infrastructure\auth.rs:23:5
   |
23 | use std::fmt::Display;
   |     ^^^^^^^^^^^^^^^^^

warning: unused import: `std::future::Future`
  --> src\infrastructure\auth.rs:24:5
   |
24 | use std::future::Future;
   |     ^^^^^^^^^^^^^^^^^^^

warning: unused import: `tokio::sync::RwLock`
  --> src\infrastructure\auth.rs:30:5
   |
30 | use tokio::sync::RwLock;
   |     ^^^^^^^^^^^^^^^^^^^

warning: unused import: `crate::infrastructure::redis_abstraction::RedisConn
ectionCommands`
 --> src\infrastructure\cache_service.rs:3:5
  |
3 | use crate::infrastructure::redis_abstraction::RedisConnectionCommands;
  |     ^^^^^^^^^^^^^^^^^^^^^^^^^^^^^^^^^^^^^^^^^^^^^^^^^^^^^^^^^^^^^^^^^

warning: unused imports: `CircuitBreakerConfig`, `LoadShedderConfig`, `Redis
Pipeline`, and `RedisPoolConfig`
 --> src\infrastructure\cache_service.rs:5:5
  |
5 |     CircuitBreakerConfig, LoadShedderConfig, RedisClientTrait, RedisPipe
line, RedisPoolConfig,
  |     ^^^^^^^^^^^^^^^^^^^^  ^^^^^^^^^^^^^^^^^                    ^^^^^^^^^
^^^^  ^^^^^^^^^^^^^^^

warning: unused import: `redis::Client`
  --> src\infrastructure\cache_service.rs:10:5
   |
10 | use redis::Client;
   |     ^^^^^^^^^^^^^

warning: unused import: `redis::RedisError`
  --> src\infrastructure\cache_service.rs:11:5
   |
11 | use redis::RedisError;
   |     ^^^^^^^^^^^^^^^^^

warning: unused imports: `ConnectionInfo`, `Value as RedisValue`, and `aio::
MultiplexedConnection`
  --> src\infrastructure\cache_service.rs:12:13
   |
12 | use redis::{ConnectionInfo, Value as RedisValue, aio::MultiplexedConnec
tion};
   |             ^^^^^^^^^^^^^^  ^^^^^^^^^^^^^^^^^^^  ^^^^^^^^^^^^^^^^^^^^^^
^^^^

warning: unused import: `rust_decimal::Decimal`
  --> src\infrastructure\cache_service.rs:13:5
   |
13 | use rust_decimal::Decimal;
   |     ^^^^^^^^^^^^^^^^^^^^^

warning: unused imports: `Deserialize` and `Serialize`
  --> src\infrastructure\cache_service.rs:14:13
   |
14 | use serde::{Deserialize, Serialize};
   |             ^^^^^^^^^^^  ^^^^^^^^^

warning: unused import: `std::future::Future`
  --> src\infrastructure\cache_service.rs:16:5
   |
16 | use std::future::Future;
   |     ^^^^^^^^^^^^^^^^^^^

warning: unused import: `std::pin::Pin`
  --> src\infrastructure\cache_service.rs:17:5
   |
17 | use std::pin::Pin;
   |     ^^^^^^^^^^^^^

warning: unused imports: `AtomicU64` and `Ordering`
  --> src\infrastructure\cache_service.rs:19:25
   |
19 | use std::sync::atomic::{AtomicU64, Ordering};
   |                         ^^^^^^^^^  ^^^^^^^^

warning: unused imports: `Context` and `Poll`
  --> src\infrastructure\cache_service.rs:20:17
   |
20 | use std::task::{Context, Poll};
   |                 ^^^^^^^  ^^^^

warning: unused imports: `AsyncRead`, `AsyncWrite`, and `duplex`
  --> src\infrastructure\cache_service.rs:22:17
   |
22 | use tokio::io::{AsyncRead, AsyncWrite, duplex};
   |                 ^^^^^^^^^  ^^^^^^^^^^  ^^^^^^

warning: unused import: `warn`
  --> src\infrastructure\cache_service.rs:24:28
   |
24 | use tracing::{error, info, warn};
   |                            ^^^^

warning: unused import: `Mutex`
 --> src\infrastructure\deadlock_detector.rs:4:19
  |
4 | use tokio::sync::{Mutex, RwLock};
  |                   ^^^^^

warning: unused import: `uuid::Uuid`
 --> src\infrastructure\deadlock_detector.rs:6:5
  |
6 | use uuid::Uuid;
  |     ^^^^^^^^^^

warning: unused import: `PgValue`
 --> src\infrastructure\event_store.rs:9:31
  |
9 |     postgres::{PgPoolOptions, PgValue},
  |                               ^^^^^^^

warning: unused import: `Mutex`
  --> src\infrastructure\event_store.rs:17:25
   |
17 | use tokio::sync::{mpsc, Mutex, OnceCell, RwLock, Semaphore};
   |                         ^^^^^

warning: unused import: `EventStoreConfig`
 --> src\infrastructure\init.rs:8:54
  |
8 | use crate::infrastructure::event_store::{EventStore, EventStoreConfig, E
ventStoreTrait};
  |                                                      ^^^^^^^^^^^^^^^^

warning: unused imports: `KafkaConsumer` and `KafkaProducer`
 --> src\infrastructure\init.rs:9:61
  |
9 | use crate::infrastructure::kafka_abstraction::{KafkaConfig, KafkaConsume
r, KafkaProducer};
  |                                                             ^^^^^^^^^^^^
^  ^^^^^^^^^^^^^

warning: unused import: `RedisClientTrait`
  --> src\infrastructure\init.rs:16:65
   |
16 | use crate::infrastructure::redis_abstraction::{RealRedisClient, RedisCl
ientTrait};
   |                                                                 ^^^^^^^
^^^^^^^^^

warning: unused import: `async_trait::async_trait`
 --> src\infrastructure\kafka_abstraction.rs:1:5
  |
1 | use async_trait::async_trait;
  |     ^^^^^^^^^^^^^^^^^^^^^^^^

warning: unused import: `tokio::sync::RwLock`
  --> src\infrastructure\kafka_abstraction.rs:11:5
   |
11 | use tokio::sync::RwLock;
   |     ^^^^^^^^^^^^^^^^^^^

warning: unused imports: `AdminClient`, `AdminOptions`, `Header`, `Headers`,
 `KafkaError`, `KafkaResult`, `NewTopic`, `Offset`, `OwnedMessage`, `RDKafka
ErrorCode`, `TopicReplication`, and `client::ClientContext`
  --> src\infrastructure\kafka_abstraction.rs:20:13
   |
20 |     admin::{AdminClient, AdminOptions, NewTopic, TopicReplication},
   |             ^^^^^^^^^^^  ^^^^^^^^^^^^  ^^^^^^^^  ^^^^^^^^^^^^^^^^
21 |     client::ClientContext,
   |     ^^^^^^^^^^^^^^^^^^^^^
22 |     error::{KafkaError, KafkaResult, RDKafkaErrorCode},
   |             ^^^^^^^^^^  ^^^^^^^^^^^  ^^^^^^^^^^^^^^^^
23 |     message::{Header, Headers, OwnedMessage},
   |               ^^^^^^  ^^^^^^^  ^^^^^^^^^^^^
24 |     util::Timeout,
25 |     Offset, TopicPartitionList,
   |     ^^^^^^

warning: unused import: `thiserror::Error`
  --> src\infrastructure\kafka_abstraction.rs:28:5
   |
28 | use thiserror::Error;
   |     ^^^^^^^^^^^^^^^^

warning: unused import: `info`
  --> src\infrastructure\kafka_abstraction.rs:30:22
   |
30 | use tracing::{error, info};
   |                      ^^^^

warning: unused import: `Account`
 --> src\infrastructure\kafka_dlq.rs:1:21
  |
1 | use crate::domain::{Account, AccountEvent};
  |                     ^^^^^^^

warning: unused import: `KafkaConfig`
 --> src\infrastructure\kafka_dlq.rs:2:48
  |
2 | use crate::infrastructure::kafka_abstraction::{KafkaConfig, KafkaConsume
r, KafkaProducer};
  |                                                ^^^^^^^^^^^

warning: unused import: `CacheService`
 --> src\infrastructure\kafka_event_processor.rs:2:44
  |
2 | use crate::infrastructure::cache_service::{CacheService, CacheServiceTra
it};
  |                                            ^^^^^^^^^^^^

warning: unused import: `EventStore`
 --> src\infrastructure\kafka_event_processor.rs:3:42
  |
3 | use crate::infrastructure::event_store::{EventStore, EventStoreTrait};
  |                                          ^^^^^^^^^^

warning: unused import: `ProjectionStore`
  --> src\infrastructure\kafka_event_processor.rs:13:42
   |
13 | use crate::infrastructure::projections::{ProjectionStore, ProjectionSto
reTrait};
   |                                          ^^^^^^^^^^^^^^^

warning: unused import: `Context`
  --> src\infrastructure\kafka_event_processor.rs:14:14
   |
14 | use anyhow::{Context, Result};
   |              ^^^^^^^

warning: unused import: `async_trait::async_trait`
  --> src\infrastructure\kafka_event_processor.rs:15:5
   |
15 | use async_trait::async_trait;
   |     ^^^^^^^^^^^^^^^^^^^^^^^^

warning: unused import: `rdkafka::error::KafkaError`
  --> src\infrastructure\kafka_event_processor.rs:16:5
   |
16 | use rdkafka::error::KafkaError;
   |     ^^^^^^^^^^^^^^^^^^^^^^^^^^

warning: unused imports: `info` and `warn`
  --> src\infrastructure\kafka_event_processor.rs:21:22
   |
21 | use tracing::{error, info, warn};
   |                      ^^^^  ^^^^

warning: unused import: `anyhow::Result`
 --> src\infrastructure\kafka_monitoring.rs:2:5
  |
2 | use anyhow::Result;
  |     ^^^^^^^^^^^^^^

warning: unused imports: `Deserialize` and `Serialize`
 --> src\infrastructure\kafka_monitoring.rs:5:13
  |
5 | use serde::{Deserialize, Serialize};
  |             ^^^^^^^^^^^  ^^^^^^^^^

warning: unused import: `std::time::Duration`
 --> src\infrastructure\kafka_monitoring.rs:7:5
  |
7 | use std::time::Duration;
  |     ^^^^^^^^^^^^^^^^^^^

warning: unused import: `tokio::time::sleep`
 --> src\infrastructure\kafka_monitoring.rs:8:5
  |
8 | use tokio::time::sleep;
  |     ^^^^^^^^^^^^^^^^^^

warning: unused imports: `error`, `info`, and `warn`
 --> src\infrastructure\kafka_monitoring.rs:9:15
  |
9 | use tracing::{error, info, warn};
  |               ^^^^^  ^^^^  ^^^^

warning: unused import: `KafkaConfig`
 --> src\infrastructure\kafka_recovery.rs:3:48
  |
3 | use crate::infrastructure::kafka_abstraction::{KafkaConfig, KafkaConsume
r, KafkaProducer};
  |                                                ^^^^^^^^^^^

warning: unused import: `Account`
 --> src\infrastructure\kafka_recovery_strategies.rs:1:21
  |
1 | use crate::domain::{Account, AccountEvent};
  |                     ^^^^^^^

warning: unused import: `EventStore`
 --> src\infrastructure\kafka_recovery_strategies.rs:2:42
  |
2 | use crate::infrastructure::event_store::{EventStore, EventStoreTrait};
  |                                          ^^^^^^^^^^

warning: unused import: `KafkaConfig`
 --> src\infrastructure\kafka_recovery_strategies.rs:3:48
  |
3 | use crate::infrastructure::kafka_abstraction::{KafkaConfig, KafkaConsume
r, KafkaProducer};
  |                                                ^^^^^^^^^^^

warning: unused imports: `error` and `warn`
  --> src\infrastructure\kafka_recovery_strategies.rs:10:15
   |
10 | use tracing::{error, info, warn};
   |               ^^^^^        ^^^^

warning: unused import: `Account`
 --> src\infrastructure\kafka_tracing.rs:1:21
  |
1 | use crate::domain::{Account, AccountEvent};
  |                     ^^^^^^^

warning: unused import: `opentelemetry::KeyValue`
 --> src\infrastructure\kafka_tracing.rs:5:5
  |
5 | use opentelemetry::KeyValue;
  |     ^^^^^^^^^^^^^^^^^^^^^^^

warning: unused imports: `IdGenerator`, `RandomIdGenerator`, `Sampler`, and 
`self`
 --> src\infrastructure\kafka_tracing.rs:6:32
  |
6 | use opentelemetry_sdk::trace::{self, IdGenerator, RandomIdGenerator, Sam
pler};
  |                                ^^^^  ^^^^^^^^^^^  ^^^^^^^^^^^^^^^^^  ^^^
^^^^

warning: unused import: `opentelemetry_sdk::Resource`
 --> src\infrastructure\kafka_tracing.rs:7:5
  |
7 | use opentelemetry_sdk::Resource;
  |     ^^^^^^^^^^^^^^^^^^^^^^^^^^^

warning: unused import: `std::time::Duration`
 --> src\infrastructure\kafka_tracing.rs:9:5
  |
9 | use std::time::Duration;
  |     ^^^^^^^^^^^^^^^^^^^

warning: unused import: `Level`
  --> src\infrastructure\kafka_tracing.rs:10:34
   |
10 | use tracing::{error, info, warn, Level};
   |                                  ^^^^^

warning: unused import: `tracing_opentelemetry::OpenTelemetryLayer`
  --> src\infrastructure\kafka_tracing.rs:11:5
   |
11 | use tracing_opentelemetry::OpenTelemetryLayer;
   |     ^^^^^^^^^^^^^^^^^^^^^^^^^^^^^^^^^^^^^^^^^

warning: unused import: `crate::domain::Account`
 --> src\infrastructure\l1_cache_updater.rs:1:5
  |
1 | use crate::domain::Account;
  |     ^^^^^^^^^^^^^^^^^^^^^^

warning: unused import: `uuid::Uuid`
 --> src\infrastructure\l1_cache_updater.rs:7:5
  |
7 | use uuid::Uuid;
  |     ^^^^^^^^^^

warning: unused import: `crate::domain::Account`
 --> src\infrastructure\middleware.rs:1:5
  |
1 | use crate::domain::Account;
  |     ^^^^^^^^^^^^^^^^^^^^^^

warning: unused imports: `Deserialize` and `Serialize`
 --> src\infrastructure\middleware.rs:4:13
  |
4 | use serde::{Deserialize, Serialize};
  |             ^^^^^^^^^^^  ^^^^^^^^^

warning: unused imports: `error` and `info`
 --> src\infrastructure\middleware.rs:8:15
  |
8 | use tracing::{error, info, warn};
  |               ^^^^^  ^^^^

warning: unused import: `ValidationError`
  --> src\infrastructure\middleware.rs:10:27
   |
10 | use validator::{Validate, ValidationError};
   |                           ^^^^^^^^^^^^^^^

warning: unused import: `std::collections::HashMap`
  --> src\infrastructure\middleware.rs:11:5
   |
11 | use std::collections::HashMap;
   |     ^^^^^^^^^^^^^^^^^^^^^^^^^

warning: unused imports: `Request`, `Response`, `StatusCode`, and `middlewar
e::Next`
  --> src\infrastructure\middleware.rs:13:12
   |
13 |     http::{Request, Response, HeaderMap, StatusCode},
   |            ^^^^^^^  ^^^^^^^^             ^^^^^^^^^^
14 |     middleware::Next,
   |     ^^^^^^^^^^^^^^^^

warning: unused import: `std::future::Future`
  --> src\infrastructure\middleware.rs:16:5
   |
16 | use std::future::Future;
   |     ^^^^^^^^^^^^^^^^^^^

warning: unused import: `std::pin::Pin`
  --> src\infrastructure\middleware.rs:17:5
   |
17 | use std::pin::Pin;
   |     ^^^^^^^^^^^^^

warning: unused imports: `Context` and `Poll`
  --> src\infrastructure\middleware.rs:18:17
   |
18 | use std::task::{Context, Poll};
   |                 ^^^^^^^  ^^^^

warning: unused import: `tower::Service`
  --> src\infrastructure\middleware.rs:19:5
   |
19 | use tower::Service;
   |     ^^^^^^^^^^^^^^

warning: unused import: `crate::infrastructure::event_store::DB_POOL`
 --> src\infrastructure\projections.rs:2:5
  |
2 | use crate::infrastructure::event_store::DB_POOL;
  |     ^^^^^^^^^^^^^^^^^^^^^^^^^^^^^^^^^^^^^^^^^^^

warning: unused imports: `debug` and `warn`
  --> src\infrastructure\projections.rs:14:15
   |
14 | use tracing::{debug, error, info, warn};
   |               ^^^^^               ^^^^

warning: unused import: `uuid::Uuid`
 --> src\infrastructure\rate_limiter.rs:4:5
  |
4 | use uuid::Uuid;
  |     ^^^^^^^^^^

warning: unused imports: `Deserialize` and `Serialize`
 --> src\infrastructure\rate_limiter.rs:5:13
  |
5 | use serde::{Deserialize, Serialize};
  |             ^^^^^^^^^^^  ^^^^^^^^^

warning: unused imports: `ExistenceCheck`, `FromRedisValue`, and `SetExpiry`
 --> src\infrastructure\redis_abstraction.rs:3:74
  |
3 |     AsyncIter, Client as NativeRedisClient, ErrorKind as RedisErrorKind,
 ExistenceCheck,
  |                                                                         
 ^^^^^^^^^^^^^^
4 |     FromRedisValue, Pipeline, RedisError, SetExpiry, SetOptions, Value a
s RedisValue,
  |     ^^^^^^^^^^^^^^                        ^^^^^^^^^

warning: unused import: `redis::aio::ConnectionLike`
  --> src\infrastructure\redis_abstraction.rs:16:5
   |
16 | use redis::aio::ConnectionLike;
   |     ^^^^^^^^^^^^^^^^^^^^^^^^^^

warning: unused imports: `CacheConfig`, `CacheService`, and `EvictionPolicy`
 --> src\infrastructure\repository.rs:2:44
  |
2 | use crate::infrastructure::cache_service::{CacheConfig, CacheService, Ev
ictionPolicy};
  |                                            ^^^^^^^^^^^  ^^^^^^^^^^^^  ^^
^^^^^^^^^^^^

warning: unused imports: `EventPriority` and `EventStoreExt`
 --> src\infrastructure\repository.rs:3:42
  |
3 | use crate::infrastructure::event_store::{EventPriority, EventStore, Even
tStoreTrait, EventStoreExt};
  |                                          ^^^^^^^^^^^^^                  
             ^^^^^^^^^^^^^

warning: unused import: `crate::infrastructure::kafka_abstraction::KafkaConf
ig`
 --> src\infrastructure\repository.rs:4:5
  |
4 | use crate::infrastructure::kafka_abstraction::KafkaConfig;
  |     ^^^^^^^^^^^^^^^^^^^^^^^^^^^^^^^^^^^^^^^^^^^^^^^^^^^^^

warning: unused import: `crate::infrastructure::kafka_event_processor::Kafka
EventProcessor`
 --> src\infrastructure\repository.rs:5:5
  |
5 | use crate::infrastructure::kafka_event_processor::KafkaEventProcessor;
  |     ^^^^^^^^^^^^^^^^^^^^^^^^^^^^^^^^^^^^^^^^^^^^^^^^^^^^^^^^^^^^^^^^^

warning: unused import: `crate::infrastructure::projections::ProjectionStore
`
 --> src\infrastructure\repository.rs:6:5
  |
6 | use crate::infrastructure::projections::ProjectionStore;
  |     ^^^^^^^^^^^^^^^^^^^^^^^^^^^^^^^^^^^^^^^^^^^^^^^^^^^

warning: unused import: `crate::infrastructure::redis_abstraction::RealRedis
Client`
 --> src\infrastructure\repository.rs:7:5
  |
7 | use crate::infrastructure::redis_abstraction::RealRedisClient;
  |     ^^^^^^^^^^^^^^^^^^^^^^^^^^^^^^^^^^^^^^^^^^^^^^^^^^^^^^^^^

warning: unused import: `sqlx::postgres::PgPoolOptions`
  --> src\infrastructure\repository.rs:11:5
   |
11 | use sqlx::postgres::PgPoolOptions;
   |     ^^^^^^^^^^^^^^^^^^^^^^^^^^^^^

warning: unused import: `tokio::sync::Mutex`
  --> src\infrastructure\repository.rs:15:5
   |
15 | use tokio::sync::Mutex;
   |     ^^^^^^^^^^^^^^^^^^

warning: unused imports: `debug` and `warn`
  --> src\infrastructure\repository.rs:17:15
   |
17 | use tracing::{debug, error, info, warn};
   |               ^^^^^               ^^^^

warning: unused import: `chrono::Utc`
  --> src\infrastructure\repository.rs:19:5
   |
19 | use chrono::Utc;
   |     ^^^^^^^^^^^

warning: unused import: `RedisClient`
 --> src\infrastructure\scaling.rs:2:48
  |
2 | use crate::infrastructure::redis_abstraction::{RedisClient, RedisClientT
rait};
  |                                                ^^^^^^^^^^^

warning: unused import: `redis::Client`
 --> src\infrastructure\scaling.rs:7:5
  |
7 | use redis::Client;
  |     ^^^^^^^^^^^^^

warning: unused import: `Context`
 --> src\infrastructure\sharding.rs:5:14
  |
5 | use anyhow::{Context, Result};
  |              ^^^^^^^

warning: unused imports: `RedisError` and `aio::MultiplexedConnection`
 --> src\infrastructure\sharding.rs:7:13
  |
7 | use redis::{aio::MultiplexedConnection, AsyncCommands, RedisError};
  |             ^^^^^^^^^^^^^^^^^^^^^^^^^^                 ^^^^^^^^^^

warning: unused import: `Instant`
  --> src\infrastructure\sharding.rs:10:27
   |
10 | use std::time::{Duration, Instant};
   |                           ^^^^^^^

warning: unused import: `tokio::sync::RwLock`
  --> src\infrastructure\sharding.rs:11:5
   |
11 | use tokio::sync::RwLock;
   |     ^^^^^^^^^^^^^^^^^^^

warning: unused import: `error`
  --> src\infrastructure\sharding.rs:12:15
   |
12 | use tracing::{error, info, warn};
   |               ^^^^^

warning: unused import: `redis::Client`
  --> src\infrastructure\sharding.rs:15:5
   |
15 | use redis::Client;
   |     ^^^^^^^^^^^^^

warning: unused import: `crate::infrastructure::redis_abstraction::RealRedis
Client`
  --> src\infrastructure\sharding.rs:16:5
   |
16 | use crate::infrastructure::redis_abstraction::RealRedisClient;
   |     ^^^^^^^^^^^^^^^^^^^^^^^^^^^^^^^^^^^^^^^^^^^^^^^^^^^^^^^^^

warning: unused import: `info`
 --> src\infrastructure\timeout_manager.rs:6:22
  |
6 | use tracing::{error, info, warn};
  |                      ^^^^

warning: unused import: `uuid::Uuid`
 --> src\infrastructure\timeout_manager.rs:7:5
  |
7 | use uuid::Uuid;
  |     ^^^^^^^^^^

warning: unused import: `std::collections::HashMap`
 --> src\infrastructure\troubleshooting.rs:6:5
  |
6 | use std::collections::HashMap;
  |     ^^^^^^^^^^^^^^^^^^^^^^^^^

warning: ambiguous glob re-exports
  --> src\infrastructure\mod.rs:40:9
   |
40 | pub use middleware::*;
   |         ^^^^^^^^^^^^^ the name `RateLimiter` in the type namespace is f
irst re-exported here
...
43 | pub use rate_limiter::*;
   |         --------------- but the name `RateLimiter` in the type namespac
e is also re-exported here
   |
   = note: `#[warn(ambiguous_glob_reexports)]` on by default

warning: ambiguous glob re-exports
  --> src\infrastructure\mod.rs:40:9
   |
40 | pub use middleware::*;
   |         ^^^^^^^^^^^^^ the name `RateLimitConfig` in the type namespace 
is first re-exported here
...
43 | pub use rate_limiter::*;
   |         --------------- but the name `RateLimitConfig` in the type name
space is also re-exported here

warning: unused import: `rate_limiter::*`
  --> src\infrastructure\mod.rs:43:9
   |
43 | pub use rate_limiter::*;
   |         ^^^^^^^^^^^^^^^

warning: unused import: `repository::*`
  --> src\infrastructure\mod.rs:46:9
   |
46 | pub use repository::*;
   |         ^^^^^^^^^^^^^

warning: ambiguous glob re-exports
  --> src\infrastructure\mod.rs:48:9
   |
48 | pub use scaling::*;
   |         ^^^^^^^^^^ the name `ShardId` in the type namespace is first re
-exported here
49 | pub use sharding::*;
   |         ----------- but the name `ShardId` in the type namespace is als
o re-exported here

warning: ambiguous glob re-exports
  --> src\infrastructure\mod.rs:48:9
   |
48 | pub use scaling::*;
   |         ^^^^^^^^^^ the name `ServiceInstance` in the type namespace is 
first re-exported here
49 | pub use sharding::*;
   |         ----------- but the name `ServiceInstance` in the type namespac
e is also re-exported here

warning: unused import: `user_repository::*`
  --> src\infrastructure\mod.rs:50:9
   |
50 | pub use user_repository::*;
   |         ^^^^^^^^^^^^^^^^^^

warning: unused imports: `Next`, `Request`, `Response`, `Router`, `body::Bod
y`, `get`, `post`, and `self`
 --> src\web\handlers.rs:2:5
  |
2 |     body::Body,
  |     ^^^^^^^^^^
3 |     extract::{Path, State},
4 |     http::{HeaderMap, Request, Response, StatusCode},
  |                       ^^^^^^^  ^^^^^^^^
5 |     middleware::{self, Next},
  |                  ^^^^  ^^^^
6 |     response::IntoResponse,
7 |     routing::{get, post},
  |               ^^^  ^^^^
8 |     Json, Router,
  |           ^^^^^^

warning: unused import: `sqlx::PgPool`
  --> src\web\handlers.rs:15:5
   |
15 | use sqlx::PgPool;
   |     ^^^^^^^^^^^^

warning: unused imports: `Context`, `Poll`, `convert::Infallible`, `future::
Future`, `pin::Pin`, and `time::Duration`
  --> src\web\handlers.rs:17:5
   |
17 |     convert::Infallible,
   |     ^^^^^^^^^^^^^^^^^^^
18 |     future::Future,
   |     ^^^^^^^^^^^^^^
19 |     pin::Pin,
   |     ^^^^^^^^
20 |     sync::Arc,
21 |     task::{Context, Poll},
   |            ^^^^^^^  ^^^^
22 |     time::Duration,
   |     ^^^^^^^^^^^^^^

warning: unused import: `tokio::sync::Semaphore`
  --> src\web\handlers.rs:24:5
   |
24 | use tokio::sync::Semaphore;
   |     ^^^^^^^^^^^^^^^^^^^^^^

warning: unused imports: `Layer`, `ServiceBuilder`, and `Service`
  --> src\web\handlers.rs:25:13
   |
25 | use tower::{Layer, Service, ServiceBuilder, ServiceExt};
   |             ^^^^^  ^^^^^^^  ^^^^^^^^^^^^^^

warning: unused import: `tower_http::trace::TraceLayer`
  --> src\web\handlers.rs:26:5
   |
26 | use tower_http::trace::TraceLayer;
   |     ^^^^^^^^^^^^^^^^^^^^^^^^^^^^^

warning: unused imports: `error` and `info`
  --> src\web\handlers.rs:27:15
   |
27 | use tracing::{error, info};
   |               ^^^^^  ^^^^

warning: unused import: `AccountCommand`
  --> src\web\handlers.rs:30:21
   |
30 | use crate::domain::{AccountCommand, AccountError};
   |                     ^^^^^^^^^^^^^^

warning: unused imports: `AccountCreationValidator`, `AccountRepository`, `A
uthConfig`, `CacheConfig`, `CacheService`, `Claims`, `DB_POOL`, `EventStoreC
onfig`, `EventStore`, `EvictionPolicy`, `InstanceMetrics`, `LockManager`, `L
oginResponse`, `PasswordResetResponse`, `ProjectionConfig`, `ProjectionStore
`, `RealRedisClient`, `RedisClient`, `RedisPoolConfig`, `RequestMiddleware`,
 `ScalingConfig`, `ScalingManager`, `ServiceInstance`, `ShardConfig`, `Shard
Manager`, `TransactionValidator`, `kafka_abstraction::KafkaConfig`, and `rat
e_limiter::RateLimitConfig`
  --> src\web\handlers.rs:33:9
   |
33 |         AuthConfig, AuthService, Claims, LoginRequest, LoginResponse, L
ogoutRequest,
   |         ^^^^^^^^^^               ^^^^^^                ^^^^^^^^^^^^^
34 |         PasswordResetResponse, UserRole,
   |         ^^^^^^^^^^^^^^^^^^^^^
35 |     },
36 |     cache_service::{CacheConfig, CacheService, EvictionPolicy},
   |                     ^^^^^^^^^^^  ^^^^^^^^^^^^  ^^^^^^^^^^^^^^
37 |     event_store::{EventStore, EventStoreConfig, DB_POOL},
   |                   ^^^^^^^^^^  ^^^^^^^^^^^^^^^^  ^^^^^^^
38 |     kafka_abstraction::KafkaConfig,
   |     ^^^^^^^^^^^^^^^^^^^^^^^^^^^^^^
39 |     middleware::{
40 |         AccountCreationValidator, RequestContext, RequestMiddleware, Tr
ansactionValidator,
   |         ^^^^^^^^^^^^^^^^^^^^^^^^                  ^^^^^^^^^^^^^^^^^  ^^
^^^^^^^^^^^^^^^^^^
41 |     },
42 |     projections::{AccountProjection, ProjectionConfig, ProjectionStore,
 TransactionProjection},
   |                                      ^^^^^^^^^^^^^^^^  ^^^^^^^^^^^^^^^
43 |     rate_limiter::RateLimitConfig,
   |     ^^^^^^^^^^^^^^^^^^^^^^^^^^^^^
44 |     redis_abstraction::{RealRedisClient, RedisClient, RedisPoolConfig},
   |                         ^^^^^^^^^^^^^^^  ^^^^^^^^^^^  ^^^^^^^^^^^^^^^
45 |     repository::{AccountRepository, AccountRepositoryTrait},
   |                  ^^^^^^^^^^^^^^^^^
46 |     scaling::{InstanceMetrics, ScalingConfig, ScalingManager, ServiceIn
stance},
   |               ^^^^^^^^^^^^^^^  ^^^^^^^^^^^^^  ^^^^^^^^^^^^^^  ^^^^^^^^^
^^^^^^
47 |     sharding::{LockManager, ShardConfig, ShardManager},
   |                ^^^^^^^^^^^  ^^^^^^^^^^^  ^^^^^^^^^^^^

warning: unused import: `infrastructure::UserRepository`
  --> src\web\handlers.rs:49:42
   |
49 | use crate::{application::AccountService, infrastructure::UserRepository
};
   |                                          ^^^^^^^^^^^^^^^^^^^^^^^^^^^^^^

warning: unused variable: `start_time`
   --> src\application\services.rs:103:13
    |
103 |         let start_time = Instant::now();
    |             ^^^^^^^^^^ help: if this is intentional, prefix it with an
 underscore: `_start_time`
    |
    = note: `#[warn(unused_variables)]` on by default

warning: unused variable: `start_time`
   --> src\application\services.rs:173:13
    |
173 |         let start_time = Instant::now();
    |             ^^^^^^^^^^ help: if this is intentional, prefix it with an
 underscore: `_start_time`

warning: unused variable: `start_time`
   --> src\application\services.rs:262:13
    |
262 |         let start_time = Instant::now();
    |             ^^^^^^^^^^ help: if this is intentional, prefix it with an
 underscore: `_start_time`

warning: use of deprecated method `redis::Client::get_async_connection`: aio
::Connection is deprecated. Use client::get_multiplexed_async_connection ins
tead.
   --> src\infrastructure\auth.rs:480:42
    |
480 |         let mut conn = self.redis_client.get_async_connection().await?
;
    |                                          ^^^^^^^^^^^^^^^^^^^^

warning: use of deprecated method `redis::Client::get_async_connection`: aio
::Connection is deprecated. Use client::get_multiplexed_async_connection ins
tead.
   --> src\infrastructure\auth.rs:513:42
    |
513 |         let mut conn = self.redis_client.get_async_connection().await?
;
    |                                          ^^^^^^^^^^^^^^^^^^^^

warning: use of deprecated method `redis::Client::get_async_connection`: aio
::Connection is deprecated. Use client::get_multiplexed_async_connection ins
tead.
   --> src\infrastructure\auth.rs:529:42
    |
529 |         let mut conn = self.redis_client.get_async_connection().await?
;
    |                                          ^^^^^^^^^^^^^^^^^^^^

warning: unused variable: `info`
   --> src\infrastructure\deadlock_detector.rs:169:60
    |
169 |     async fn attempt_resolution(&self, operation_id: &str, info: &Dead
lockInfo) {
    |                                                            ^^^^ help: 
if this is intentional, prefix it with an underscore: `_info`

warning: unused variable: `semaphore`
   --> src\infrastructure\event_store.rs:501:9
    |
501 |         semaphore: Arc<Semaphore>,
    |         ^^^^^^^^^ help: if this is intentional, prefix it with an unde
rscore: `_semaphore`

warning: variable `last_flush` is assigned to, but never used
   --> src\infrastructure\event_store.rs:508:17
    |
508 |         let mut last_flush = Instant::now();
    |                 ^^^^^^^^^^
    |
    = note: consider using `_last_flush` instead

warning: value assigned to `last_flush` is never read
   --> src\infrastructure\event_store.rs:529:25
    |
529 |                         last_flush = Instant::now();
    |                         ^^^^^^^^^^
    |
    = help: maybe it is overwritten before being read?
    = note: `#[warn(unused_assignments)]` on by default

warning: value assigned to `last_flush` is never read
   --> src\infrastructure\event_store.rs:545:25
    |
545 |                         last_flush = Instant::now();
    |                         ^^^^^^^^^^
    |
    = help: maybe it is overwritten before being read?

warning: variable does not need to be mutable
  --> src\infrastructure\init.rs:43:27
   |
43 |     pub async fn shutdown(mut self) {
   |                           ----^^^^
   |                           |
   |                           help: remove this `mut`
   |
   = note: `#[warn(unused_mut)]` on by default

warning: unused variable: `e`
   --> src\infrastructure\kafka_abstraction.rs:410:81
    |
410 |                 let account: Account = serde_json::from_slice(payload)
.map_err(|e| {
    |                                                                       
          ^ help: if this is intentional, prefix it with an underscore: `_e`

warning: unused variable: `e`
   --> src\infrastructure\kafka_abstraction.rs:386:82
    |
386 |                 let batch: EventBatch = serde_json::from_slice(payload
).map_err(|e| {
    |                                                                       
           ^ help: if this is intentional, prefix it with an underscore: `_e
`

warning: variable does not need to be mutable
   --> src\infrastructure\kafka_event_processor.rs:119:13
    |
119 |         let mut monitoring = self.monitoring.clone();
    |             ----^^^^^^^^^^
    |             |
    |             help: remove this `mut`

warning: unused variable: `error`
   --> src\infrastructure\kafka_recovery.rs:226:9
    |
226 |         error: anyhow::Error,
    |         ^^^^^ help: if this is intentional, prefix it with an undersco
re: `_error`

warning: unused variable: `account_id`
   --> src\infrastructure\kafka_recovery_strategies.rs:194:34
    |
194 |     async fn dlq_recovery(&self, account_id: Option<Uuid>) -> Result<(
)> {
    |                                  ^^^^^^^^^^ help: if this is intention
al, prefix it with an underscore: `_account_id`

warning: unused variable: `instances`
   --> src\infrastructure\scaling.rs:202:9
    |
202 |         instances: &DashMap<String, ServiceInstance>,
    |         ^^^^^^^^^ help: if this is intentional, prefix it with an unde
rscore: `_instances`

warning: unused variable: `metrics`
   --> src\infrastructure\scaling.rs:203:9
    |
203 |         metrics: &RwLock<InstanceMetrics>,
    |         ^^^^^^^ help: if this is intentional, prefix it with an unders
core: `_metrics`

warning: unused variable: `metrics`
   --> src\infrastructure\scaling.rs:213:9
    |
213 |         metrics: &RwLock<InstanceMetrics>,
    |         ^^^^^^^ help: if this is intentional, prefix it with an unders
core: `_metrics`

warning: unused variable: `instance`
   --> src\infrastructure\scaling.rs:243:25
    |
243 |             if let Some(instance) = self.instances.remove(&instance_id
) {
    |                         ^^^^^^^^ help: if this is intentional, prefix 
it with an underscore: `_instance`

warning: variable does not need to be mutable
   --> src\infrastructure\sharding.rs:138:13
    |
138 |         let mut instance_shards: DashMap<String, Vec<ShardInfo>> = Das
hMap::new();
    |             ----^^^^^^^^^^^^^^^
    |             |
    |             help: remove this `mut`

warning: unused variable: `start_time`
   --> src\infrastructure\troubleshooting.rs:186:13
    |
186 |         let start_time = Instant::now();
    |             ^^^^^^^^^^ help: if this is intentional, prefix it with an
 underscore: `_start_time`

warning: unused import: `ServiceExt`
  --> src\web\handlers.rs:25:45
   |
25 | use tower::{Layer, Service, ServiceBuilder, ServiceExt};
   |                                             ^^^^^^^^^^

warning: unused import: `AccountRepositoryTrait`
  --> src\web\handlers.rs:45:37
   |
45 |     repository::{AccountRepository, AccountRepositoryTrait},
   |                                     ^^^^^^^^^^^^^^^^^^^^^^

warning: unused import: `redis::AsyncCommands`
   --> src\infrastructure\cache_service.rs:468:13
    |
468 |         use redis::AsyncCommands;
    |             ^^^^^^^^^^^^^^^^^^^^

warning: unused import: `Layer`
  --> src\infrastructure\kafka_tracing.rs:14:37
   |
14 | use tracing_subscriber::{EnvFilter, Layer};
   |                                     ^^^^^

warning: unused import: `Validate`
  --> src\infrastructure\middleware.rs:10:17
   |
10 | use validator::{Validate, ValidationError};
   |                 ^^^^^^^^

warning: unused import: `AsyncCommands`
 --> src\infrastructure\sharding.rs:7:41
  |
7 | use redis::{aio::MultiplexedConnection, AsyncCommands, RedisError};
  |                                         ^^^^^^^^^^^^^

warning: unused variable: `config_clone`
   --> src\infrastructure\cache_service.rs:191:17
    |
191 |             let config_clone = service.config.clone();
    |                 ^^^^^^^^^^^^ help: if this is intentional, prefix it w
ith an underscore: `_config_clone`

warning: unused variable: `account_id`
   --> src\infrastructure\kafka_tracing.rs:213:38
    |
213 |     fn trace_event_processing(&self, account_id: Uuid, events: &[Accou
ntEvent], version: i64) {
    |                                      ^^^^^^^^^^ help: if this is inten
tional, prefix it with an underscore: `_account_id`

warning: unused variable: `events`
   --> src\infrastructure\kafka_tracing.rs:213:56
    |
213 |     fn trace_event_processing(&self, account_id: Uuid, events: &[Accou
ntEvent], version: i64) {
    |                                                        ^^^^^^ help: if
 this is intentional, prefix it with an underscore: `_events`

warning: unused variable: `version`
   --> src\infrastructure\kafka_tracing.rs:213:81
    |
213 |     fn trace_event_processing(&self, account_id: Uuid, events: &[Accou
ntEvent], version: i64) {
    |                                                                       
          ^^^^^^^ help: if this is intentional, prefix it with an underscore
: `_version`

warning: unused variable: `error`
   --> src\infrastructure\kafka_tracing.rs:217:27
    |
217 |     fn trace_error(&self, error: &anyhow::Error, context: &str) {
    |                           ^^^^^ help: if this is intentional, prefix i
t with an underscore: `_error`

warning: unused variable: `context`
   --> src\infrastructure\kafka_tracing.rs:217:50
    |
217 |     fn trace_error(&self, error: &anyhow::Error, context: &str) {
    |                                                  ^^^^^^^ help: if this
 is intentional, prefix it with an underscore: `_context`

warning: unused variable: `strategy`
   --> src\infrastructure\kafka_tracing.rs:229:40
    |
229 |     fn trace_recovery_operation(&self, strategy: &str, account_id: Opt
ion<Uuid>, status: &str) {
    |                                        ^^^^^^^^ help: if this is inten
tional, prefix it with an underscore: `_strategy`

warning: unused variable: `account_id`
   --> src\infrastructure\kafka_tracing.rs:229:56
    |
229 |     fn trace_recovery_operation(&self, strategy: &str, account_id: Opt
ion<Uuid>, status: &str) {
    |                                                        ^^^^^^^^^^ help
: if this is intentional, prefix it with an underscore: `_account_id`

warning: unused variable: `status`
   --> src\infrastructure\kafka_tracing.rs:229:82
    |
229 |     fn trace_recovery_operation(&self, strategy: &str, account_id: Opt
ion<Uuid>, status: &str) {
    |                                                                       
           ^^^^^^ help: if this is intentional, prefix it with an underscore
: `_status`

warning: variable does not need to be mutable
   --> src\infrastructure\redis_abstraction.rs:175:13
    |
175 |         let mut pipeline = pipeline.pipeline.clone();
    |             ----^^^^^^^^
    |             |
    |             help: remove this `mut`

warning: unused variable: `cmd`
   --> src\infrastructure\sharding.rs:298:45
    |
298 |     fn req_packed_command<'a>(&'a mut self, cmd: &'a redis::Cmd) -> re
dis::RedisFuture<'a, redis::Value> {
    |                                             ^^^ help: if this is inten
tional, prefix it with an underscore: `_cmd`

warning: unused variable: `pipeline`
   --> src\infrastructure\sharding.rs:306:9
    |
306 |         pipeline: &'a redis::Pipeline,
    |         ^^^^^^^^ help: if this is intentional, prefix it with an under
score: `_pipeline`

warning: unused variable: `offset`
   --> src\infrastructure\sharding.rs:307:9
    |
307 |         offset: usize,
    |         ^^^^^^ help: if this is intentional, prefix it with an undersc
ore: `_offset`

warning: unused variable: `count`
   --> src\infrastructure\sharding.rs:308:9
    |
308 |         count: usize,
    |         ^^^^^ help: if this is intentional, prefix it with an undersco
re: `_count`

warning: `banking-es` (lib) generated 166 warnings
error: could not compile `banking-es` (lib) due to 9 previous errors; 166 wa
rnings emitted
